
> payqusta-client@1.0.0 build
> vite build

[36mvite v5.4.21 [32mbuilding for production...[36m[39m
transforming...
[32mΓ£ô[39m 57 modules transformed.
node.exe : [31mx[39m Build failed in 12.11s
At line:1 char:1
+ & "C:\Program Files\nodejs/node.exe" 
"C:\Users\Ahmed Elshikh\AppData\ ...
+ ~~~~~~~~~~~~~~~~~~~~~~~~~~~~~~~~~~~~~~~~~~~~
~~~~~~~~~~~~~~~~~~~~~~~~~
    + CategoryInfo          : NotSpecified: ( 
   [31mx[39m Build failed in 12.11s:String  
  ) [], RemoteException
    + FullyQualifiedErrorId : NativeCommandEr 
   ror
 
[31merror during build:
[31m[vite-plugin-pwa:build] [plugin 
vite-plugin-pwa:build] 
src/pages/ProductsPage.jsx (995:42): There 
was an error during the build:
  Transform failed with 1 error:
D:/New folder (3)/payqusta/frontend/src/pages/
ProductsPage.jsx:995:42: ERROR: Expected "}" 
but found "┬º"
Additionally, handling the error in the 
'buildEnd' hook caused the following error:
  Transform failed with 1 error:
D:/New folder (3)/payqusta/frontend/src/pages/
ProductsPage.jsx:995:42: ERROR: Expected "}" 
but found "┬º"[31m
file: [36mD:/New folder (3)/payqusta/frontend
/src/pages/ProductsPage.jsx:995:42[31m
[33m
[33mExpected "}" but found "┬º"[33m
993|                            cost: 
form.cost,
994|                            stock: 
form.stockQuantity || 0,
995|                            attributes: { 
├ÿ┬º├ÖΓÇ₧├ÿ┬¡├ÿ┬¼├ÖΓÇª: '', 
├ÿ┬º├ÖΓÇ₧├ÖΓÇ₧├Ö╦å├ÖΓÇá: '' }
   |                                          
  ^
996|                          }]
997|                        })}
[31m
    at getRollupError (file:///D:/New%20folder
%20(3)/payqusta/frontend/node_modules/rollup/d
ist/es/shared/parseAst.js:402:41)
    at file:///D:/New%20folder%20(3)/payqusta/
frontend/node_modules/rollup/dist/es/shared/no
de-entry.js:23444:39
    at process.processTicksAndRejections 
(node:internal/process/task_queues:103:5)
    at async catchUnfinishedHookActions (file:
///D:/New%20folder%20(3)/payqusta/frontend/nod
e_modules/rollup/dist/es/shared/node-entry.js:
22902:16)
    at async rollupInternal (file:///D:/New%20
folder%20(3)/payqusta/frontend/node_modules/ro
llup/dist/es/shared/node-entry.js:23427:5)
    at async build (file:///D:/New%20folder%20
(3)/payqusta/frontend/node_modules/vite/dist/n
ode/chunks/dep-BK3b2jBa.js:65709:14)
    at async CAC.<anonymous> (file:///D:/New%2
0folder%20(3)/payqusta/frontend/node_modules/v
ite/dist/node/cli.js:829:5)[39m
